basesystem
ca-certificates
crontabs
crypto-policies
crypto-policies-scripts
dbus-common
dejavu-sans-fonts
dnf
dnf-data
dnf-plugins-core
elfutils-default-yama-scope
f36-backgrounds-extras-gnome
f36-backgrounds-gnome
f37-backgrounds-extras-gnome
f37-backgrounds-gnome
firewalld
firewalld-filesystem
fonts-filesystem
grub2-common
grub2-pc-modules
hwdata
initscripts-service
iwl100-firmware
iwl1000-firmware
iwl105-firmware
iwl135-firmware
iwl2000-firmware
iwl2030-firmware
iwl3160-firmware
iwl5000-firmware
iwl5150-firmware
iwl6000g2a-firmware
iwl6050-firmware
iwl7260-firmware
kbd-misc
langpacks-core-en
langpacks-core-font-en
langpacks-en
libreport-filesystem
libssh-config
linux-firmware
linux-firmware-whence
microcode_ctl
ncurses-base
pcre2-syntax
publicsuffix-list-dafsa
python-unversioned-command
python3-dateutil
python3-dnf
python3-dnf-plugins-core
python3-firewall
python3-gobject-base-noarch
python3-pip-wheel
python3-setuptools-wheel
python3-six
rocky-gpg-keys
rocky-release
rocky-repos
rootfiles
selinux-policy
selinux-policy-targeted
setup
systemd-rpm-macros
tzdata
yum
yum-utils
perl-Digest
perl-FileHandle
perl-AutoLoader
perl-libnet
perl-base
perl-URI
perl-Mozilla-CA
perl-Text-Tabs+Wrap
perl-Pod-Escapes
perl-if
perl-File-Path
perl-IO-Socket-IP
perl-Time-Local
perl-IO-Socket-SSL
perl-Term-ANSIColor
perl-Term-Cap
perl-subs
perl-Pod-Simple
perl-IPC-Open3
perl-Class-Struct
perl-HTTP-Tiny
perl-File-Temp
perl-Symbol
perl-SelectSaver
perl-File-stat
perl-podlators
perl-Pod-Perldoc
perl-overloading
perl-Pod-Usage
perl-Text-ParseWords
perl-constant
perl-vars
perl-overload
perl-Getopt-Std
perl-File-Basename
perl-parent
perl-Getopt-Long
perl-Exporter
perl-Carp
git-core-doc
perl-Error
perl-File-Find
emacs-filesystem
perl-Git
iotop
container-selinux
policycoreutils-python-utils
python3-policycoreutils
python3-requests
python3-packaging
python3-jmespath
python3-jinja2
python3-distro
python3-urllib3
python3-idna
python3-certifi
python3-charset-normalizer
python3-docker
python3-dnf-plugin-versionlock
python3-rich
slick-greeter-cinnamon
tmux-powerline
vim-powerline
abattis-cantarell-fonts
dejavu-sans-fonts
dejavu-sans-mono-fonts
dejavu-serif-fonts
google-noto-emoji-color-fonts
google-noto-sans-cjk-ttc-fonts
google-noto-sans-gurmukhi-fonts
google-noto-sans-sinhala-vf-fonts
google-noto-serif-cjk-ttc-fonts
jomolhari-fonts
julietaula-montserrat-fonts
khmer-os-system-fonts
liberation-mono-fonts
liberation-sans-fonts
liberation-serif-fonts
lohit-assamese-fonts
lohit-bengali-fonts
lohit-devanagari-fonts
lohit-gujarati-fonts
lohit-kannada-fonts
lohit-odia-fonts
lohit-tamil-fonts
lohit-telugu-fonts
paktype-naskh-basic-fonts
pt-sans-fonts
sil-abyssinica-fonts
sil-nuosu-fonts
sil-padauk-fonts
smc-meera-fonts
stix-fonts
thai-scalable-waree-fonts
firewall-config
aajohan-comfortaa-fonts
alsa-ucm
ibus-typing-booster
python3-scapy
