NetworkManager
NetworkManager-l2tp-gnome
NetworkManager-openconnect-gnome
NetworkManager-openvpn-gnome
NetworkManager-pptp-gnome
NetworkManager-libnm
NetworkManager-team
NetworkManager-tui
NetworkManager-libreswan-gnome
NetworkManager-ppp
PackageKit-gstreamer-plugin
alsa-utils
anaconda
anaconda-install-env-deps
anaconda-live
blktrace
fprintd-pam
gnome-calculator
gnome-disk-utility
gnome-screenshot
gnome-system-monitor
gnome-terminal
gstreamer1-plugins-ugly-free
gvfs-gphoto2
gvfs-mtp
gvfs-smb
hyperv-daemons
ibus-anthy
ibus-hangul
ibus-libpinyin
ibus-m17n
initial-setup-gui
libstoragemgmt
memtest86+
open-vm-tools-desktop
pinfo
pipewire-gstreamer
pipewire-utils
plymouth
qemu-guest-agent
rsyslog-gnutls
rsyslog-gssapi
rsyslog-relp
sane-backends-drivers-scanners
setroubleshoot
spice-vdagent
xdg-user-dirs-gtk
xed
xreader
acl
alternatives
anaconda-dracut
audit
audit-libs
authselect
authselect-libs
authconfig
bash
bzip2-libs
c-ares
cinnamon
cinnamon-control-center
cinnamon-screensaver
chrony
coreutils
coreutils-common
cpio
cracklib
cracklib-dicts
cronie
cronie-anacron
cryptsetup-libs
curl
cyrus-sasl-lib
dbus
dbus-broker
dbus-libs
device-mapper
device-mapper-event
device-mapper-event-libs
device-mapper-libs
device-mapper-persistent-data
diffutils
dmidecode
dosfstools
dracut
dracut-config-rescue
dracut-live
dracut-network
dracut-squash
e2fsprogs
e2fsprogs-libs
efibootmgr
elfutils-libelf
elfutils-libs
ethtool
eom
expat
file
file-libs
filesystem
findutils
freetype
fuse-libs
gawk
gawk-all-langpacks
gdbm-libs
gettext
gettext-libs
glib2
glibc
glibc-common
glibc-gconv-extra
glibc-langpack-en
gmp
gnupg2
gnutls
gobject-introspection
gpgme
graphite2
grep
groff-base
grub2-efi-x64
grub2-pc
grub2-tools
grub2-tools-efi
grub2-tools-extra
grub2-tools-minimal
grubby
gzip
harfbuzz
hostname
ima-evm-utils
imsettings-systemd
inih
initscripts-rename-device
iproute
iproute-tc
ipset
ipset-libs
iptables-libs
iptables-nft
iputils
irqbalance
jansson
jemalloc
jemalloc-devel
json-c
kbd
kernel
kernel
kernel-core
kernel-core
kernel-modules
kernel-modules
kernel-tools
kernel-tools-libs
kexec-tools
keyutils-libs
kmod
kmod-libs
kpartx
krb5-libs
less
libacl
libaio
libarchive
libassuan
libattr
libbasicobjects
libblkid
libbpf
libbrotli
libcap
libcap-ng
libcap-ng-python3
libcbor
libcollection
libcom_err
libcomps
libcurl
libdaemon
libdb
libdhash
libdnet
libdnf
libeconf
libedit
libestr
libevent
libfastjson
libfdisk
libffi
libfido2
libgcc
libgcrypt
libgomp
libgpg-error
libibverbs
libidn2
libini_config
libkcapi
libkcapi-hmaccalc
libksba
libldb
libmnl
libmodulemd
libmount
libndp
libnetfilter_conntrack
libnfnetlink
libnftnl
libnghttp2
libnl3
libnl3-cli
libpath_utils
libpcap
libpipeline
libpng
libpsl
libpwquality
libref_array
librepo
libseccomp
libselinux
libselinux-utils
libsemanage
libsepol
libsigsegv
libsmartcols
libsolv
libss
libssh
libsss_certmap
libsss_idmap
libsss_nss_idmap
libsss_sudo
libstdc++
libsysfs
libtalloc
libtasn1
libtdb
libteam
libtevent
libunistring
libuser
libutempter
libuuid
libverto
libxcrypt
libxcrypt-compat
libxml2
libyaml
libzstd
lightdm
lmdb-libs
logrotate
lshw
lsscsi
lua-libs
lvm2
lvm2-libs
lz4-libs
lzo
man-db
metacity
mpfr
ncurses
ncurses-libs
nemo-fileroller
nemo-image-converter
nemo-preview
nettle
newt
nftables
npth
numactl-libs
openldap
openssh
openssh-clients
openssh-server
openssl
openssl-libs
openssl-pkcs11
os-prober
p11-kit
p11-kit-trust
pam
parole
parted
passwd
pciutils
pciutils-libs
pcre
pcre2
pigz
policycoreutils
popt
powerline
prefixdevname
procps-ng
psmisc
python3
python3-dbus
python3-gobject-base
python3-gpg
python3-hawkey
python3-libcomps
python3-libdnf
python3-libs
python3-libselinux
python3-nftables
python3-rpm
readline
redshift-gtk
rpm
rpm-build-libs
rpm-libs
rpm-plugin-audit
rpm-plugin-selinux
rpm-plugin-systemd-inhibit
rpm-sign-libs
rsyslog
rsyslog-logrotate
sed
sg3_utils
sg3_utils-libs
shadow-utils
shim-x64
slang
slick-greeter
snappy
sqlite-libs
squashfs-tools
sssd-client
sssd-common
sssd-kcm
sudo
systemd
systemd-libs
systemd-pam
systemd-udev
tcpreplay
teamd
tpm2-tss
transmission
userspace-rcu
util-linux
util-linux-core
vim-minimal
which
wireshark-cli
xfsprogs
xz
xz-libs
zlib
zstd
perl-Digest-MD5
perl-B
perl-Data-Dumper
perl-Net-SSLeay
perl-POSIX
perl-Socket
perl-mro
perl-Fcntl
perl-IO
perl-Scalar-List-Utils
perl-MIME-Base64
perl-Errno-1.30
perl-Storable
perl-NDBM_File
perl-PathTools
perl-Encode
perl-libs
perl-interpreter
git-core
perl-lib
perl-DynaLoader
perl-TermReadKey
git
unzip
atop
rsync
nano
sysstat
avahi-libs
libuv
lm_sensors-libs
nspr
nss
nss-softokn
nss-softokn-freebl
nss-sysinit
nss-util
pcp-conf
pcp-libs
tcpdump
netcat
jq
oniguruma
tar
podman
python3-pyyaml
python3-markupsafe
python3-psutil
python3-pycryptodomex
python3-msgpack
python3-immutables
python3-m2crypto
wget
httpd-tools
net-tools
sqlite
mariadb-devel
nmap-ncat
python3-lxml
createrepo
createrepo_c-libs
containernetworking-plugins
containerd.io
docker-ce
docker-ce-cli
python3-mysqlclient
