aajohan-comfortaa-fonts
abattis-cantarell-fonts
adobe-mappings-cmap
adobe-mappings-cmap-deprecated
adobe-mappings-pdf
adobe-source-code-pro-fonts
adwaita-cursor-theme
adwaita-icon-theme
alsa-ucm
appstream-data
basesystem
bash-completion
bind-license
ca-certificates
cockpit-packagekit
cockpit-podman
cockpit-storaged
cockpit-system
color-filesystem
container-selinux
crontabs
crypto-policies
crypto-policies-scripts
cups-filesystem
dbus-common
dejavu-sans-fonts
dejavu-sans-mono-fonts
dejavu-serif-fonts
distribution-gpg-keys
dnf
dnf-data
dnf-plugins-core
dnf-plugin-spacewalk
elfutils-default-yama-scope
emacs-filesystem
evolution-data-server-langpacks
f36-backgrounds-extras-gnome
f36-backgrounds-gnome
f37-backgrounds-extras-gnome
f37-backgrounds-gnome
firewall-config
firewalld
firewalld-filesystem
flatpak-selinux
fonts-filesystem
foomatic-db
foomatic-db-filesystem
foomatic-db-ppds
git-core-doc
gnome-classic-session
gnome-control-center-filesystem
gnome-shell-extension-apps-menu
gnome-shell-extension-background-logo
gnome-shell-extension-common
gnome-shell-extension-desktop-icons
gnome-shell-extension-launch-new-instance
gnome-shell-extension-places-menu
gnome-shell-extension-window-list
gnome-user-docs
gnome-video-effects
google-droid-sans-fonts
google-noto-cjk-fonts-common
google-noto-emoji-color-fonts
google-noto-fonts-common
google-noto-sans-cjk-ttc-fonts
google-noto-sans-gurmukhi-fonts
google-noto-sans-sinhala-vf-fonts
google-noto-serif-cjk-ttc-fonts
grub2-common
grub2-pc-modules
hicolor-icon-theme
highcontrast-icon-theme
hunspell-en
hunspell-en-GB
hunspell-en-US
hwdata
hyperv-daemons-license
ibus-setup
ibus-typing-booster
initscripts-service
iotop
iptables-nft-services
iso-codes
itstool
iwl1000-firmware
iwl100-firmware
iwl105-firmware
iwl135-firmware
iwl2000-firmware
iwl2030-firmware
iwl3160-firmware
iwl5000-firmware
iwl5150-firmware
iwl6000g2a-firmware
iwl6000g2b-firmware
iwl6050-firmware
iwl7260-firmware
iwlax2xx-firmware
jomolhari-fonts
julietaula-montserrat-fonts
kbd-misc
khmer-os-system-fonts
langpacks-core-en
langpacks-core-font-en
langpacks-en
liberation-fonts-common
liberation-mono-fonts
liberation-sans-fonts
liberation-serif-fonts
libertas-sd8787-firmware
libreport-filesystem
libssh-config
libwacom-data
libX11-common
linux-firmware
linux-firmware-core
linux-firmware-whence
lohit-assamese-fonts
lohit-bengali-fonts
lohit-devanagari-fonts
lohit-gujarati-fonts
lohit-kannada-fonts
lohit-odia-fonts
lohit-tamil-fonts
lohit-telugu-fonts
mailcap
mallard-rng
man-pages
man-pages-overrides
microcode_ctl
mobile-broadband-provider-info
ncurses-base
netronome-firmware
NetworkManager-config-server
nvmetcli
oracle-backgrounds
oracle-indexhtml
orca
osinfo-db
paktype-naskh-basic-fonts
pcre2-syntax
perl-AutoLoader
perl-base
perl-Carp
perl-Class-Struct
perl-constant
perl-Digest
perl-Error
perl-Exporter
perl-File-Basename
perl-File-Find
perl-FileHandle
perl-File-Path
perl-File-stat
perl-File-Temp
perl-Getopt-Long
perl-Getopt-Std
perl-Git
perl-HTTP-Tiny
perl-if
perl-IO-Socket-IP
perl-IO-Socket-SSL
perl-IPC-Open3
perl-libnet
perl-locale
perl-Math-BigInt
perl-Math-Complex
perl-Mozilla-CA
perl-overload
perl-overloading
perl-parent
perl-Pod-Escapes
perl-podlators
perl-Pod-Perldoc
perl-Pod-Simple
perl-Pod-Usage
perl-SelectSaver
perl-subs
perl-Symbol
perl-Term-ANSIColor
perl-Term-Cap
perl-Text-ParseWords
perl-Text-Tabs+Wrap
perl-Time-Local
perl-URI
perl-vars
pkgconf-m4
policycoreutils-python-utils
poppler-data
pt-sans-fonts
publicsuffix-list-dafsa
python3-certifi
python3-chardet
python3-charset-normalizer
python3-configshell
python3-dasbus
python3-dateutil
python3-distro
python3-dnf
python3-dnf-plugins-core
python3-dnf-plugin-spacewalk
python3-dnf-plugin-ulninfo
python3-dnf-plugin-versionlock
python3-docker
python3-file-magic
python3-firewall
python3-gobject-base-noarch
python3-hwdata
python3-idna
python3-jinja2
python3-jmespath
python3-linux-procfs
python3-louis
python3-packaging
python3-pexpect
python3-pip-wheel
python3-ply
python3-policycoreutils
python3-ptyprocess
python3-pyatspi
python3-pycparser
python3-pyOpenSSL
python3-pyparsing
python3-pysocks
python3-pyudev
python3-requests
python3-rhnlib
python3-rich
python3-scapy
python3-setuptools
python3-setuptools-wheel
python3-six
python3-tracer
python3-urllib3
python-unversioned-command
quota-nls
rhnlib
rootfiles
samba-common
scap-security-guide
selinux-policy
selinux-policy-targeted
setroubleshoot-plugins
setup
sil-abyssinica-fonts
sil-nuosu-fonts
sil-padauk-fonts
slick-greeter-cinnamon
smc-meera-fonts
sos
sound-theme-freedesktop
stix-fonts
system-config-printer-libs
systemd-rpm-macros
thai-scalable-fonts-common
thai-scalable-waree-fonts
tmux-powerline
tracer-common
tuned
tzdata
urw-base35-bookman-fonts
urw-base35-c059-fonts
urw-base35-d050000l-fonts
urw-base35-fonts
urw-base35-fonts-common
urw-base35-gothic-fonts
urw-base35-nimbus-mono-ps-fonts
urw-base35-nimbus-roman-fonts
urw-base35-nimbus-sans-fonts
urw-base35-p052-fonts
urw-base35-standard-symbols-ps-fonts
urw-base35-z003-fonts
usbguard-selinux
usb_modeswitch-data
vim-filesystem
vim-powerline
wireless-regdb
words
xdg-utils
xkeyboard-config
xml-common
yelp-tools
yelp-xsl
yum
yum-utils
