accountsservice
accountsservice-libs
acl
adcli
alsa-lib
alsa-utils
alternatives
anaconda
anaconda-dracut
anaconda-install-env-deps
appstream
at
atk
atkmm
atop
at-spi2-atk
at-spi2-core
attr
audit
audit-libs
authconfig
authselect
authselect-libs
avahi
avahi-glib
avahi-libs
bash
bc
bcache-tools
bind-libs
bind-utils
binutils
binutils-gold
blktrace
bluez
bluez-libs
bluez-obexd
baobab
bolt
bpftool
brasero
brlapi
brltty
btrfs-progs
bubblewrap
buildah
bzip2
bzip2-libs
cairo
cairo-gobject
cairomm
c-ares
checkpolicy
cheese
cheese-libs
chkconfig
chrome-gnome-shell
chromium
chrony
clevis
clevis-dracut
clevis-luks
clevis-systemd
clutter
clutter-gst3
clutter-gtk
cockpit
cockpit-bridge
cockpit-ws
cogl
colord-gtk
colord-libs
conmon
containerd.io
containernetworking-plugins
containers-common
coreutils
coreutils-common
cpio
cpp
cracklib
cracklib-dicts
createrepo
createrepo_c-libs
criu
criu-libs
cronie
cronie-anacron
crun
cryptsetup
cryptsetup-libs
cups
cups-client
cups-filters-libs
cups-filters
cups-ipptool
cups-libs
curl
cyrus-sasl-gssapi
cyrus-sasl-lib
cyrus-sasl-plain
dbus
dbus-broker
dbus-daemon
dbus-glib
dbus-libs
dbus-tools
dconf
desktop-file-utils
device-mapper
device-mapper-event
device-mapper-event-libs
device-mapper-libs
device-mapper-persistent-data
diffutils
dmidecode
dnsmasq
docker-ce
docker-ce-cli
dos2unix
dosfstools
dotconf
dracut
dracut-config-rescue
dracut-live
dracut-network
dracut-squash
dsniff
e2fsprogs
e2fsprogs-libs
ed
efibootmgr
efivar-libs
elfutils-debuginfod-client
elfutils-libelf
elfutils-libs
enchant2
enscript
eog
eom
espeak-ng
ethtool
evince
evince-libs
evince-nautilus
evince-previewer
evince-thumbnailer
evolution-data-server
exempi
exiv2
exiv2-libs
expat
file
file-libs
filesystem
findutils
firefox
flac-libs
flashrom
flatpak
flatpak-libs
flatpak-session-helper
fontconfig
foomatic
fprintd
fprintd-pam
freetype
fribidi
fstrm
fuse
fuse-common
fuse-libs
fuse-overlayfs
fuse3
fuse3-libs
fwupd
fwupd-plugin-flashrom
gawk
gawk-all-langpacks
gcr
gcr-base
gd
gdbm-libs
gdisk
gdk-pixbuf2
gdk-pixbuf2-modules
gdm
gedit
geoclue2
geoclue2-libs
geocode-glib
gettext
gettext-libs
ghostscript
ghostscript-tools-fonts
ghostscript-tools-printing
giflib
git
git-core
gjs
glib2
glib2-devel
glibc
glibc-all-langpacks
glibc-common
glibc-gconv-extra
glibc-langpack-en
glibmm24
glib-networking
glx-utils
gmp
gnome-autoar
gnome-bluetooth
gnome-bluetooth-libs
gnome-calculator
gnome-characters
gnome-color-manager
gnome-control-center
gnome-desktop3
gnome-disk-utility
gnome-font-viewer
gnome-initial-setup
gnome-keyring
gnome-keyring-pam
gnome-logs
gnome-menus
gnome-online-accounts
gnome-remote-desktop
gnome-screenshot
gnome-session
gnome-session-wayland-session
gnome-session-xsession
gnome-settings-daemon
gnome-shell
gnome-software
gnome-system-monitor
gnome-terminal
gnome-terminal-nautilus
gnome-tour
gnupg2
gnutls
gnutls-utils
gobject-introspection
gom
gpgme
gpm-libs
graphene
graphite2
graphviz
grep
grilo
grilo-plugins
groff-base
grub2-efi-x64
grub2-pc
grub2-tools
grub2-tools-efi
grub2-tools-extra
grub2-tools-minimal
grubby
gsettings-desktop-schemas
gsm
gsound
gspell
gstreamer1
gstreamer1-plugins-bad-free
gstreamer1-plugins-base
gstreamer1-plugins-good
gstreamer1-plugins-good-gtk
gstreamer1-plugins-ugly-free
gtk2
gtk3
gtk4
gtkmm30
gtksourceview4
gtk-update-icon-cache
guestfs-tools
gutenprint
gutenprint-cups
gutenprint-doc
gutenprint-libs
gvfs
gvfs-client
gvfs-fuse
gvfs-goa
gvfs-gphoto2
gvfs-mtp
gvfs-smb
gzip
harfbuzz
harfbuzz-icu
hdparm
hostname
hplip-common
hplip-libs
httpd-tools
hunspell
hunspell-filesystem
hyperv-daemons
hypervfcopyd
hypervkvpd
hypervvssd
hyphen
ibus
ibus-anthy
ibus-gtk2
ibus-gtk3
ibus-hangul
ibus-libpinyin
ibus-libs
ibus-libzhuyin
ibus-m17n
iio-sensor-proxy
ima-evm-utils
ImageMagick-libs
imsettings-systemd
info
inih
initial-setup-gui
initscripts
initscripts-rename-device
iproute
iproute-tc
iprutils
ipset
ipset-libs
iptables-libs
iptables-nft
iputils
irqbalance
iscsi-initiator-utils
iscsi-initiator-utils-iscsiuio
isns-utils-libs
iw
jansson
jbig2dec-libs
jbigkit-libs
jemalloc
jemalloc-devel
jose
jq
json-c
json-glib
kbd
kernel
kernel-core
kernel-modules
kernel-modules-core
kernel-tools
kernel-tools-libs
kernel-uek
kernel-uek-core
kernel-uek-modules
kexec-tools
keyutils-libs
kmod
kmod-kvdo
kmod-libs
kpartx
krb5-libs
lame-libs
lcms2
ledmon
less
liba52
libacl
libaio
libao
libappstream-glib
libarchive
libassuan
libasyncns
libatasmart
libatomic
libattr
libbasicobjects
libblkid
libblockdev
libblockdev-crypto
libblockdev-fs
libblockdev-loop
libblockdev-lvm
libblockdev-mdraid
libblockdev-part
libblockdev-swap
libblockdev-utils
libbpf
libbrotli
libbytesize
libcanberra
libcanberra-gtk3
libcap
libcap-ng
libcap-ng-python3
libcbor
libcdio
libcdio-paranoia
libcollection
libcom_err
libcomps
libconfig
libcurl
libdaemon
libdatrie
libdb
libdhash
libdmx
libdnet
libdnf
libdrm
libdvdnav
libdvdread
libeconf
libedit
libepoxy
libestr
libevdev
libevent
libexif
libfastjson
libfdisk
libffi
libffi-devel
libfido2
libfontenc
libfprint
libgcab1
libgcc
libgcrypt
libgdata
libgee
libgexiv2
libglvnd
libglvnd-egl
libglvnd-gles
libglvnd-glx
libglvnd-opengl
libgnomekbd
libgomp
libgpg-error
libgphoto2
libgs
libgsf
libgtop2
libgudev
libguestfs
libgusb
libgweather
libgxps
libhandy
libibverbs
libical
libical-glib
libICE
libicu
libidn2
libieee1284
libijs
libini_config
libinput
libipa_hbac
libiptcdata
libjcat
libjose
libjpeg-turbo
libkcapi
libkcapi-hmaccalc
libksba
libldac
libldb
liblouis
libluksmeta
libmaxminddb
libmbim
libmbim-utils
libmediaart
libmnl
libmodulemd
libmount
libmount-devel
libmpc
libmpeg2
libmspack
libmtp
libndp
libnet
libnetfilter_conntrack
libnfnetlink
libnftnl
libnghttp2
libnl3
libnl3-cli
libnma
libnotify
libnvme
libogg
libosinfo
libpaper
libpath_utils
libpcap
libpciaccess
libpeas
libpeas-gtk
libpeas-loader-python3
libpipeline
libpkgconf
libpng
libproxy
libproxy-webkitgtk4
libpsl
libpwquality
libqmi
libqmi-utils
libqrtr-glib
libref_array
librelp
librepo
libreswan
librsvg2
librsvg2-tools
libsamplerate
libsane-airscan
libsane-hpaio
libsbc
libseccomp
libsecret
libselinux
libselinux-utils
libsemanage
libsepol
libshout
libsigc++20
libsigsegv
libslirp
libSM
libsmartcols
libsmbclient
libsmbios
libsndfile
libsolv
libsoup
libspectre
libsrtp
libss
libssh
libsss_certmap
libsss_idmap
libsss_nss_idmap
libsss_sudo
libstdc++
libstemmer
libstoragemgmt
libsysfs
libtalloc
libtasn1
libtdb
libteam
libtevent
libthai
libtheora
libtiff
libtirpc
libtool-ltdl
libtracker-sparql
libudisks2
libunistring
liburing
libusbx
libuser
libutempter
libuuid
libuv
libv4l
libverto
libvirt
libvisual
libvorbis
libvpx
libwacom
libwayland-client
libwayland-cursor
libwayland-egl
libwayland-server
libwbclient
libwebp
libwnck3
libwpe
libX11
libX11-xcb
libXau
libxcb
libXcomposite
libxcrypt
libxcrypt-compat
libXcursor
libXdamage
libXdmcp
libXext
libXfixes
libXfont2
libXft
libXi
libXinerama
libxkbcommon
libxkbcommon-x11
libxkbfile
libxklavier
libxml2
libxmlb
libXmu
libXpm
libXrandr
libXrender
libXres
libxshmfence
libxslt
libXt
libXtst
libXv
libXxf86dga
libXxf86vm
libyaml
libzstd
lightdm
llvm-libs
lmdb-libs
lm_sensors-libs
lockdev
logrotate
low-memory-monitor
lshw
lsof
lsscsi
lua-libs
luksmeta
lvm2
lvm2-libs
lz4
lz4-libs
lzo
man-db
mcelog
mdadm
memtest86+
mesa-dri-drivers
mesa-filesystem
mesa-libEGL
mesa-libgbm
mesa-libGL
mesa-libglapi
mesa-libxatracker
mesa-vulkan-drivers
metacity
mlocate
ModemManager
ModemManager-glib
mono-devel
mozilla-filesystem
mpfr
mpg123-libs
mtdev
mtr
mutter
nano
nautilus
nautilus-extensions
ncurses
ncurses-libs
netavark
netcat
net-snmp-libs
nettle
net-tools
NetworkManager
NetworkManager-adsl
NetworkManager-bluetooth
NetworkManager-l2tp-gnome
NetworkManager-libnm
NetworkManager-libreswan-gnome
NetworkManager-openconnect-gnome
NetworkManager-openvpn-gnome
NetworkManager-ppp
NetworkManager-pptp-gnome
NetworkManager-team
NetworkManager-tui
NetworkManager-wifi
NetworkManager-wwan
newt
nfs-utils
nftables
ngrep
nmap-ncat
nm-connection-editor
npth
nspr
nss
nss-softokn
nss-softokn-freebl
nss-sysinit
nss-util
numactl-libs
nvme-cli
oniguruma
openjpeg2
openldap
opensc
openscap
openscap-scanner
openssh
openssh-clients
openssh-server
openssl
openssl-libs
openssl-pkcs11
open-vm-tools
open-vm-tools-desktop
opus
oracle-epel-release-el9
oraclelinux-release
oraclelinux-release-el9
oracle-logos
orc
osinfo-db-tools
os-prober
ostree
ostree-libs
p11-kit
p11-kit-server
p11-kit-trust
PackageKit
PackageKit-command-not-found
PackageKit-glib
PackageKit-gstreamer-plugin
PackageKit-gtk3-module
pam
pango
pangomm
paps
parole
parted
passwd
pcaudiolib
pciutils
pciutils-libs
pcp-conf
pcp-libs
pcre
pcre2
pcre2-utf32
pcsc-lite
perl-B
perl-Data-Dumper
perl-DBD-SQLite
perl-DBI
perl-Digest-MD5
perl-DynaLoader
perl-Encode
perl-Errno
perl-Errno-1.30
perl-Fcntl
perl-interpreter
perl-IO
perl-lib
perl-libs
perl-MIME-Base64
perl-mro
perl-NDBM_File
perl-Net-SSLeay
perl-PathTools
perl-POSIX
perl-Scalar-List-Utils
perl-Socket
perl-Storable
perl-TermReadKey
pigz
pinentry
pinentry-gnome3
pinfo
pipewire
pipewire-alsa
pipewire-gstreamer
pipewire-jack-audio-connection-kit
pipewire-libs
pipewire-pulseaudio
pipewire-utils
pixman
pkgconf
pkgconf-pkg-config
plymouth
plymouth-core-libs
plymouth-graphics-libs
plymouth-plugin-label
plymouth-plugin-two-step
plymouth-scripts
plymouth-system-theme
plymouth-theme-spinner
pnm2ppa
podman
policycoreutils
polkit
polkit-libs
polkit-pkla-compat
poppler
poppler-cpp
poppler-glib
poppler-utils
popt
powerline
power-profiles-daemon
prefixdevname
procps-ng
protobuf-c
psacct
psmisc
pulseaudio-libs
pulseaudio-libs-glib2
pulseaudio-utils
putty
python3
python3-audit
python3-brlapi
python3-cairo
python3-cffi
python3-cryptography
python3-cups
python3-dbus
python3-dmidecode
python3-gobject
python3-gobject-base
python3-gpg
python3-hawkey
python3-immutables
python3-kmod
python3-libcomps
python3-libdnf
python3-librepo
python3-libs
python3-libselinux
python3-libsemanage
python3-libstoragemgmt
python3-libxml2
python3-lxml
python3-m2crypto
python3-markupsafe
python3-msgpack
python3-netifaces
python3-newt
python3-nftables
python3-perf
python3-psutil
python3-pycryptodomex
python3-pycurl
python3-pyyaml
python3-rhn-check
python3-rhn-client-tools
python3-rhn-setup
python3-rhn-setup-gnome
python3-rpm
python3-setools
python3-speechd
python3-systemd
python3-urwid
qemu-guest-agent
qemu-kvm
qpdf-libs
quota
rasdaemon
readline
realmd
redhat-release
redshift-gtk
rest
rhn-check
rhn-client-tools
rhnsd
rhn-setup
rhn-setup-gnome
rng-tools
rpm
rpm-build-libs
rpm-libs
rpm-plugin-audit
rpm-plugin-selinux
rpm-plugin-systemd-inhibit
rpm-sign-libs
rsync
rsyslog
rsyslog-gnutls
rsyslog-gssapi
rsyslog-logrotate
rsyslog-relp
rtkit
salt-3006.9-0
salt-master-3006.9-0
salt-minion-3006.9-0
salt-syndic-3006.9-0
salt-cloud-3006.9-0
samba-client-libs
samba-common-libs
sane-airscan
sane-backends
sane-backends-drivers-cameras
sane-backends-drivers-scanners
sane-backends-libs
screen
sed
setroubleshoot
setroubleshoot-server
setxkbmap
sg3_utils
sg3_utils-libs
shadow-utils
shadow-utils-subid
shared-mime-info
shim-x64
slang
slick-greeter
slirp4netns
smartmontools
snappy
soundtouch
speech-dispatcher
speech-dispatcher-espeak-ng
speex
spice-vdagent
sqlite
sqlite-libs
squashfs-tools
sscg
sshpass
ssldump
sssd
sssd-ad
sssd-client
sssd-common
sssd-common-pac
sssd-ipa
sssd-kcm
sssd-krb5
sssd-krb5-common
sssd-ldap
sssd-nfs-idmap
sssd-proxy
startup-notification
strace
sudo
sushi
switcheroo-control
symlinks
syslinux
sysstat
system-config-printer-udev
systemd
systemd-container
systemd-libs
systemd-pam
systemd-udev
taglib
tar
tcl
tcpdump
tcpflow
tcpreplay
teamd
texlive-lib
time
tmux
totem
totem-pl-parser
totem-video-thumbnailer
tpm2-tools
tpm2-tss
tracker
tracker-miners
transmission
tree
twolame-libs
udisks2
udisks2-iscsi
udisks2-lvm2
unzip
upower
usbguard
usb_modeswitch
usbutils
usermode
userspace-rcu
util-linux
util-linux-core
util-linux-user
vdo
vim-common
vim-enhanced
vim-minimal
virt-what
volume_key-libs
vte291
vte-profile
vulkan-loader
wavpack
webkit2gtk3
webkit2gtk3-jsc
webrtc-audio-processing
wget
which
whois
wireplumber
wireplumber-libs
wireshark
wireshark-cli
woff2
wpa_supplicant
wpebackend-fdo
xcb-util
xdg-dbus-proxy
xdg-desktop-portal
xdg-desktop-portal-gnome
xdg-desktop-portal-gtk
xdg-user-dirs
xdg-user-dirs-gtk
xed
xfsdump
xfsprogs
xkbcomp
xmlsec1
xmlsec1-openssl
xorg-x11-drv-evdev
xorg-x11-drv-fbdev
xorg-x11-drv-libinput
xorg-x11-drv-vmware
xorg-x11-drv-wacom
xorg-x11-drv-wacom-serial-support
xorg-x11-server-common
xorg-x11-server-utils
xorg-x11-server-Xorg
xorg-x11-server-Xwayland
xorg-x11-utils
xorg-x11-xauth
xorg-x11-xinit
xorg-x11-xinit-session
xreader
xz
xz-libs
yajl
yelp
yelp-libs
zenity
zip
zlib
zlib-devel
zstd
